// Jest Snapshot v1, https://goo.gl/fbAQLP

exports[`<App /> Should have correct layout 1`] = `
<div
  className="app"
>
  <AppRouter />
</div>
`;
